de.janno.discord.bot.command.sumCustomSet.SumCustomSetCommandMockTest.backBack[click1]=[
  [
    "editMessage: message:invokingUser: +1d6, buttonValues=1_button,2_button,roll,clear,back"
  ]
]


de.janno.discord.bot.command.sumCustomSet.SumCustomSetCommandMockTest.backBack[click2]=[
  [
    "editMessage: message:Click the buttons to add dice to the set and then on Roll, buttonValues=1_button,2_button,roll,clear,back"
  ]
]


de.janno.discord.bot.command.sumCustomSet.SumCustomSetCommandMockTest.channelAlias[click1]=[
  [
    "editMessage: message:invokingUser: att, buttonValues=1_button,roll,clear,back"
  ]
]


de.janno.discord.bot.command.sumCustomSet.SumCustomSetCommandMockTest.channelAlias[click2]=[
  [
    "createMessageWithoutReference: EmbedOrMessageDefinition(title=null, descriptionOrContent=Click the buttons to add dice to the set and then on Roll, fields=[], componentRowDefinitions=[ComponentRowDefinition(buttonDefinitions=[ButtonDefinition(label=Attack, id=sum_custom_set\u001E1_button\u001E00000000-0000-0000-0000-000000000000, style=PRIMARY, disabled=false), ButtonDefinition(label=Roll, id=sum_custom_set\u001Eroll\u001E00000000-0000-0000-0000-000000000000, style=PRIMARY, disabled=true), ButtonDefinition(label=Clear, id=sum_custom_set\u001Eclear\u001E00000000-0000-0000-0000-000000000000, style=DANGER, disabled=false), ButtonDefinition(label=Back, id=sum_custom_set\u001Eback\u001E00000000-0000-0000-0000-000000000000, style=SECONDARY, disabled=false)])], hasImage=false, type=MESSAGE)",
    "createResultMessageWithReference: EmbedOrMessageDefinition(title=att ⇒ 31, descriptionOrContent=2d20+10: [11, 10], fields=[], componentRowDefinitions=[], hasImage=false, type=EMBED), targetChannelId: null",
    "deleteMessageById: 0",
    "editMessage: message:Click the buttons to add dice to the set and then on Roll, buttonValues=1_button,roll,clear,back"
  ]
]


de.janno.discord.bot.command.sumCustomSet.SumCustomSetCommandMockTest.clear[click1]=[
  [
    "editMessage: message:invokingUser: +1d6, buttonValues=1_button,2_button,roll,clear,back"
  ]
]


de.janno.discord.bot.command.sumCustomSet.SumCustomSetCommandMockTest.clear[click2]=[
  [
    "editMessage: message:Click the buttons to add dice to the set and then on Roll, buttonValues=1_button,2_button,roll,clear,back"
  ]
]


de.janno.discord.bot.command.sumCustomSet.SumCustomSetCommandMockTest.roll_answerChannelTwice[click1]=[
  [
    "editMessage: message:invokingUser: +1d6, buttonValues=1_button,2_button,roll,clear,back"
  ]
]


de.janno.discord.bot.command.sumCustomSet.SumCustomSetCommandMockTest.roll_answerChannelTwice[click2]=[
  [
    "editMessage: message:invokingUser: +1d6+2, buttonValues=1_button,2_button,roll,clear,back"
  ]
]


de.janno.discord.bot.command.sumCustomSet.SumCustomSetCommandMockTest.roll_answerChannelTwice[click3]=[
  [
    "createResultMessageWithReference: EmbedOrMessageDefinition(title=+1d6+2 ⇒ 3, descriptionOrContent=+1d6+2: [1], fields=[], componentRowDefinitions=[], hasImage=false, type=EMBED), targetChannelId: 2",
    "editMessage: message:Click the buttons to add dice to the set and then on Roll, buttonValues=1_button,2_button,roll,clear,back"
  ]
]


de.janno.discord.bot.command.sumCustomSet.SumCustomSetCommandMockTest.roll_answerChannelTwice[click4]=[
  [
    "editMessage: message:invokingUser: +1d6, buttonValues=1_button,2_button,roll,clear,back"
  ]
]


de.janno.discord.bot.command.sumCustomSet.SumCustomSetCommandMockTest.roll_answerChannelTwice[click5]=[
  [
    "createResultMessageWithReference: EmbedOrMessageDefinition(title=+1d6 ⇒ 4, descriptionOrContent=+1d6: [4], fields=[], componentRowDefinitions=[], hasImage=false, type=EMBED), targetChannelId: 2",
    "editMessage: message:Click the buttons to add dice to the set and then on Roll, buttonValues=1_button,2_button,roll,clear,back"
  ]
]


de.janno.discord.bot.command.sumCustomSet.SumCustomSetCommandMockTest.roll_answerChannel[click1]=[
  [
    "editMessage: message:invokingUser: +1d6, buttonValues=1_button,2_button,roll,clear,back"
  ]
]


de.janno.discord.bot.command.sumCustomSet.SumCustomSetCommandMockTest.roll_answerChannel[click2]=[
  [
    "editMessage: message:invokingUser: +1d6+2, buttonValues=1_button,2_button,roll,clear,back"
  ]
]


de.janno.discord.bot.command.sumCustomSet.SumCustomSetCommandMockTest.roll_answerChannel[click3]=[
  [
    "createResultMessageWithReference: EmbedOrMessageDefinition(title=+1d6+2 ⇒ 3, descriptionOrContent=+1d6+2: [1], fields=[], componentRowDefinitions=[], hasImage=false, type=EMBED), targetChannelId: 2",
    "editMessage: message:Click the buttons to add dice to the set and then on Roll, buttonValues=1_button,2_button,roll,clear,back"
  ]
]


de.janno.discord.bot.command.sumCustomSet.SumCustomSetCommandMockTest.roll_compact[click1]=[
  [
    "editMessage: message:invokingUser: +1d6, buttonValues=1_button,2_button,roll,clear,back"
  ]
]


de.janno.discord.bot.command.sumCustomSet.SumCustomSetCommandMockTest.roll_compact[click2]=[
  [
    "editMessage: message:invokingUser: +1d6+2, buttonValues=1_button,2_button,roll,clear,back"
  ]
]


de.janno.discord.bot.command.sumCustomSet.SumCustomSetCommandMockTest.roll_compact[click3]=[
  [
    "createMessageWithoutReference: EmbedOrMessageDefinition(title=null, descriptionOrContent=Click the buttons to add dice to the set and then on Roll, fields=[], componentRowDefinitions=[ComponentRowDefinition(buttonDefinitions=[ButtonDefinition(label=Dmg, id=sum_custom_set\u001E1_button\u001E00000000-0000-0000-0000-000000000000, style=PRIMARY, disabled=false), ButtonDefinition(label=bonus, id=sum_custom_set\u001E2_button\u001E00000000-0000-0000-0000-000000000000, style=PRIMARY, disabled=false), ButtonDefinition(label=Roll, id=sum_custom_set\u001Eroll\u001E00000000-0000-0000-0000-000000000000, style=PRIMARY, disabled=true), ButtonDefinition(label=Clear, id=sum_custom_set\u001Eclear\u001E00000000-0000-0000-0000-000000000000, style=DANGER, disabled=false), ButtonDefinition(label=Back, id=sum_custom_set\u001Eback\u001E00000000-0000-0000-0000-000000000000, style=SECONDARY, disabled=false)])], hasImage=false, type=MESSAGE)",
    "createResultMessageWithReference: EmbedOrMessageDefinition(title=null, descriptionOrContent=__**+1d6+2 ⇒ 3**__  +1d6+2: [1], fields=[], componentRowDefinitions=[], hasImage=false, type=MESSAGE), targetChannelId: null",
    "deleteMessageById: 0",
    "editMessage: message:Click the buttons to add dice to the set and then on Roll, buttonValues=1_button,2_button,roll,clear,back"
  ]
]


de.janno.discord.bot.command.sumCustomSet.SumCustomSetCommandMockTest.roll_fullExpression[click1]=[
  [
    "editMessage: message:invokingUser: +1d6, buttonValues=1_button,2_button,roll,clear,back"
  ]
]


de.janno.discord.bot.command.sumCustomSet.SumCustomSetCommandMockTest.roll_fullExpression[click2]=[
  [
    "editMessage: message:invokingUser: +1d6+2, buttonValues=1_button,2_button,roll,clear,back"
  ]
]


de.janno.discord.bot.command.sumCustomSet.SumCustomSetCommandMockTest.roll_fullExpression[click3]=[
  [
    "createMessageWithoutReference: EmbedOrMessageDefinition(title=null, descriptionOrContent=Click the buttons to add dice to the set and then on Roll, fields=[], componentRowDefinitions=[ComponentRowDefinition(buttonDefinitions=[ButtonDefinition(label=Dmg, id=sum_custom_set\u001E1_button\u001E00000000-0000-0000-0000-000000000000, style=PRIMARY, disabled=false), ButtonDefinition(label=bonus, id=sum_custom_set\u001E2_button\u001E00000000-0000-0000-0000-000000000000, style=PRIMARY, disabled=false), ButtonDefinition(label=Roll, id=sum_custom_set\u001Eroll\u001E00000000-0000-0000-0000-000000000000, style=PRIMARY, disabled=true), ButtonDefinition(label=Clear, id=sum_custom_set\u001Eclear\u001E00000000-0000-0000-0000-000000000000, style=DANGER, disabled=false), ButtonDefinition(label=Back, id=sum_custom_set\u001Eback\u001E00000000-0000-0000-0000-000000000000, style=SECONDARY, disabled=false)])], hasImage=false, type=MESSAGE)",
    "createResultMessageWithReference: EmbedOrMessageDefinition(title=+1d6+2 ⇒ 3, descriptionOrContent=+1d6+2: [1], fields=[], componentRowDefinitions=[], hasImage=false, type=EMBED), targetChannelId: null",
    "deleteMessageById: 0",
    "editMessage: message:Click the buttons to add dice to the set and then on Roll, buttonValues=1_button,2_button,roll,clear,back"
  ]
]


de.janno.discord.bot.command.sumCustomSet.SumCustomSetCommandMockTest.roll_fullGerman[click1]=[
  [
    "editMessage: message:invokingUser: +1d6, buttonValues=1_button,2_button,roll,clear,back"
  ]
]


de.janno.discord.bot.command.sumCustomSet.SumCustomSetCommandMockTest.roll_fullGerman[click2]=[
  [
    "editMessage: message:invokingUser: +1d6+2, buttonValues=1_button,2_button,roll,clear,back"
  ]
]


de.janno.discord.bot.command.sumCustomSet.SumCustomSetCommandMockTest.roll_fullGerman[click3]=[
  [
    "createMessageWithoutReference: EmbedOrMessageDefinition(title=null, descriptionOrContent=Klick auf einen Button um die Würfel hinzuzufügen und dann auf Würfeln, fields=[], componentRowDefinitions=[ComponentRowDefinition(buttonDefinitions=[ButtonDefinition(label=Dmg, id=sum_custom_set\u001E1_button\u001E00000000-0000-0000-0000-000000000000, style=PRIMARY, disabled=false), ButtonDefinition(label=bonus, id=sum_custom_set\u001E2_button\u001E00000000-0000-0000-0000-000000000000, style=PRIMARY, disabled=false), ButtonDefinition(label=Würfeln, id=sum_custom_set\u001Eroll\u001E00000000-0000-0000-0000-000000000000, style=PRIMARY, disabled=true), ButtonDefinition(label=Löschen, id=sum_custom_set\u001Eclear\u001E00000000-0000-0000-0000-000000000000, style=DANGER, disabled=false), ButtonDefinition(label=Zurück, id=sum_custom_set\u001Eback\u001E00000000-0000-0000-0000-000000000000, style=SECONDARY, disabled=false)])], hasImage=false, type=MESSAGE)",
    "createResultMessageWithReference: EmbedOrMessageDefinition(title=+1d6+2 ⇒ 3, descriptionOrContent=+1d6+2: [1], fields=[], componentRowDefinitions=[], hasImage=false, type=EMBED), targetChannelId: null",
    "deleteMessageById: 0",
    "editMessage: message:Klick auf einen Button um die Würfel hinzuzufügen und dann auf Würfeln, buttonValues=1_button,2_button,roll,clear,back"
  ]
]


de.janno.discord.bot.command.sumCustomSet.SumCustomSetCommandMockTest.roll_full[click1]=[
  [
    "editMessage: message:invokingUser: Dmg, buttonValues=1_button,2_button,roll,clear,back"
  ]
]


de.janno.discord.bot.command.sumCustomSet.SumCustomSetCommandMockTest.roll_full[click2]=[
  [
    "editMessage: message:invokingUser: Dmg bonus, buttonValues=1_button,2_button,roll,clear,back"
  ]
]


de.janno.discord.bot.command.sumCustomSet.SumCustomSetCommandMockTest.roll_full[click3]=[
  [
    "createMessageWithoutReference: EmbedOrMessageDefinition(title=null, descriptionOrContent=Click the buttons to add dice to the set and then on Roll, fields=[], componentRowDefinitions=[ComponentRowDefinition(buttonDefinitions=[ButtonDefinition(label=Dmg, id=sum_custom_set\u001E1_button\u001E00000000-0000-0000-0000-000000000000, style=PRIMARY, disabled=false), ButtonDefinition(label=bonus, id=sum_custom_set\u001E2_button\u001E00000000-0000-0000-0000-000000000000, style=PRIMARY, disabled=false), ButtonDefinition(label=Roll, id=sum_custom_set\u001Eroll\u001E00000000-0000-0000-0000-000000000000, style=PRIMARY, disabled=true), ButtonDefinition(label=Clear, id=sum_custom_set\u001Eclear\u001E00000000-0000-0000-0000-000000000000, style=DANGER, disabled=false), ButtonDefinition(label=Back, id=sum_custom_set\u001Eback\u001E00000000-0000-0000-0000-000000000000, style=SECONDARY, disabled=false)])], hasImage=false, type=MESSAGE)",
    "createResultMessageWithReference: EmbedOrMessageDefinition(title=Dmg bonus ⇒ 3, descriptionOrContent=+1d6+2: [1], fields=[], componentRowDefinitions=[], hasImage=false, type=EMBED), targetChannelId: null",
    "deleteMessageById: 0",
    "editMessage: message:Click the buttons to add dice to the set and then on Roll, buttonValues=1_button,2_button,roll,clear,back"
  ]
]


de.janno.discord.bot.command.sumCustomSet.SumCustomSetCommandMockTest.roll_full_ptBR[click1]=[
  [
    "editMessage: message:invokingUser: +1d6, buttonValues=1_button,2_button,roll,clear,back"
  ]
]


de.janno.discord.bot.command.sumCustomSet.SumCustomSetCommandMockTest.roll_full_ptBR[click2]=[
  [
    "editMessage: message:invokingUser: +1d6+2, buttonValues=1_button,2_button,roll,clear,back"
  ]
]


de.janno.discord.bot.command.sumCustomSet.SumCustomSetCommandMockTest.roll_full_ptBR[click3]=[
  [
    "createMessageWithoutReference: EmbedOrMessageDefinition(title=null, descriptionOrContent=Clique nos botões para adicionar dados ao conjunto e então em Rolar, fields=[], componentRowDefinitions=[ComponentRowDefinition(buttonDefinitions=[ButtonDefinition(label=Dmg, id=sum_custom_set\u001E1_button\u001E00000000-0000-0000-0000-000000000000, style=PRIMARY, disabled=false), ButtonDefinition(label=bonus, id=sum_custom_set\u001E2_button\u001E00000000-0000-0000-0000-000000000000, style=PRIMARY, disabled=false), ButtonDefinition(label=Rolar, id=sum_custom_set\u001Eroll\u001E00000000-0000-0000-0000-000000000000, style=PRIMARY, disabled=true), ButtonDefinition(label=Limpar, id=sum_custom_set\u001Eclear\u001E00000000-0000-0000-0000-000000000000, style=DANGER, disabled=false), ButtonDefinition(label=Voltar, id=sum_custom_set\u001Eback\u001E00000000-0000-0000-0000-000000000000, style=SECONDARY, disabled=false)])], hasImage=false, type=MESSAGE)",
    "createResultMessageWithReference: EmbedOrMessageDefinition(title=+1d6+2 ⇒ 3, descriptionOrContent=+1d6+2: [1], fields=[], componentRowDefinitions=[], hasImage=false, type=EMBED), targetChannelId: null",
    "deleteMessageById: 0",
    "editMessage: message:Clique nos botões para adicionar dados ao conjunto e então em Rolar, buttonValues=1_button,2_button,roll,clear,back"
  ]
]


de.janno.discord.bot.command.sumCustomSet.SumCustomSetCommandMockTest.roll_locked[click1]=[
  [
    "editMessage: message:invokingUser: +1d6, buttonValues=1_button,2_button,roll,clear,back"
  ]
]


de.janno.discord.bot.command.sumCustomSet.SumCustomSetCommandMockTest.roll_locked[click2]=[
  [
    "editMessage: message:invokingUser: +1d6, buttonValues=1_button,2_button,roll,clear,back"
  ]
]


de.janno.discord.bot.command.sumCustomSet.SumCustomSetCommandMockTest.roll_locked[click3]=[
  [
    "editMessage: message:invokingUser: +1d6+2, buttonValues=1_button,2_button,roll,clear,back"
  ]
]


de.janno.discord.bot.command.sumCustomSet.SumCustomSetCommandMockTest.roll_locked[click4]=[
  [
    "createMessageWithoutReference: EmbedOrMessageDefinition(title=null, descriptionOrContent=Click the buttons to add dice to the set and then on Roll, fields=[], componentRowDefinitions=[ComponentRowDefinition(buttonDefinitions=[ButtonDefinition(label=Dmg, id=sum_custom_set\u001E1_button\u001E00000000-0000-0000-0000-000000000000, style=PRIMARY, disabled=false), ButtonDefinition(label=bonus, id=sum_custom_set\u001E2_button\u001E00000000-0000-0000-0000-000000000000, style=PRIMARY, disabled=false), ButtonDefinition(label=Roll, id=sum_custom_set\u001Eroll\u001E00000000-0000-0000-0000-000000000000, style=PRIMARY, disabled=true), ButtonDefinition(label=Clear, id=sum_custom_set\u001Eclear\u001E00000000-0000-0000-0000-000000000000, style=DANGER, disabled=false), ButtonDefinition(label=Back, id=sum_custom_set\u001Eback\u001E00000000-0000-0000-0000-000000000000, style=SECONDARY, disabled=false)])], hasImage=false, type=MESSAGE)",
    "createResultMessageWithReference: EmbedOrMessageDefinition(title=null, descriptionOrContent=+1d6+2 ⇒ 3, fields=[], componentRowDefinitions=[], hasImage=false, type=MESSAGE), targetChannelId: null",
    "deleteMessageById: 0",
    "editMessage: message:Click the buttons to add dice to the set and then on Roll, buttonValues=1_button,2_button,roll,clear,back"
  ]
]


de.janno.discord.bot.command.sumCustomSet.SumCustomSetCommandMockTest.roll_minimal[click1]=[
  [
    "editMessage: message:invokingUser: +1d6, buttonValues=1_button,2_button,roll,clear,back"
  ]
]


de.janno.discord.bot.command.sumCustomSet.SumCustomSetCommandMockTest.roll_minimal[click2]=[
  [
    "editMessage: message:invokingUser: +1d6+2, buttonValues=1_button,2_button,roll,clear,back"
  ]
]


de.janno.discord.bot.command.sumCustomSet.SumCustomSetCommandMockTest.roll_minimal[click3]=[
  [
    "createMessageWithoutReference: EmbedOrMessageDefinition(title=null, descriptionOrContent=Click the buttons to add dice to the set and then on Roll, fields=[], componentRowDefinitions=[ComponentRowDefinition(buttonDefinitions=[ButtonDefinition(label=Dmg, id=sum_custom_set\u001E1_button\u001E00000000-0000-0000-0000-000000000000, style=PRIMARY, disabled=false), ButtonDefinition(label=bonus, id=sum_custom_set\u001E2_button\u001E00000000-0000-0000-0000-000000000000, style=PRIMARY, disabled=false), ButtonDefinition(label=Roll, id=sum_custom_set\u001Eroll\u001E00000000-0000-0000-0000-000000000000, style=PRIMARY, disabled=true), ButtonDefinition(label=Clear, id=sum_custom_set\u001Eclear\u001E00000000-0000-0000-0000-000000000000, style=DANGER, disabled=false), ButtonDefinition(label=Back, id=sum_custom_set\u001Eback\u001E00000000-0000-0000-0000-000000000000, style=SECONDARY, disabled=false)])], hasImage=false, type=MESSAGE)",
    "createResultMessageWithReference: EmbedOrMessageDefinition(title=null, descriptionOrContent=+1d6+2 ⇒ 3, fields=[], componentRowDefinitions=[], hasImage=false, type=MESSAGE), targetChannelId: null",
    "deleteMessageById: 0",
    "editMessage: message:Click the buttons to add dice to the set and then on Roll, buttonValues=1_button,2_button,roll,clear,back"
  ]
]


de.janno.discord.bot.command.sumCustomSet.SumCustomSetCommandMockTest.roll_pinnedTwice[click1]=[
  [
    "editMessage: message:invokingUser: +1d6, buttonValues=1_button,2_button,roll,clear,back"
  ]
]


de.janno.discord.bot.command.sumCustomSet.SumCustomSetCommandMockTest.roll_pinnedTwice[click2]=[
  [
    "editMessage: message:invokingUser: +1d6+2, buttonValues=1_button,2_button,roll,clear,back"
  ]
]


de.janno.discord.bot.command.sumCustomSet.SumCustomSetCommandMockTest.roll_pinnedTwice[click3]=[
  [
    "createMessageWithoutReference: EmbedOrMessageDefinition(title=null, descriptionOrContent=Click the buttons to add dice to the set and then on Roll, fields=[], componentRowDefinitions=[ComponentRowDefinition(buttonDefinitions=[ButtonDefinition(label=Dmg, id=sum_custom_set\u001E1_button\u001E00000000-0000-0000-0000-000000000000, style=PRIMARY, disabled=false), ButtonDefinition(label=bonus, id=sum_custom_set\u001E2_button\u001E00000000-0000-0000-0000-000000000000, style=PRIMARY, disabled=false), ButtonDefinition(label=Roll, id=sum_custom_set\u001Eroll\u001E00000000-0000-0000-0000-000000000000, style=PRIMARY, disabled=true), ButtonDefinition(label=Clear, id=sum_custom_set\u001Eclear\u001E00000000-0000-0000-0000-000000000000, style=DANGER, disabled=false), ButtonDefinition(label=Back, id=sum_custom_set\u001Eback\u001E00000000-0000-0000-0000-000000000000, style=SECONDARY, disabled=false)])], hasImage=false, type=MESSAGE)",
    "createResultMessageWithReference: EmbedOrMessageDefinition(title=+1d6+2 ⇒ 3, descriptionOrContent=+1d6+2: [1], fields=[], componentRowDefinitions=[], hasImage=false, type=EMBED), targetChannelId: null",
    "editMessage: message:Click the buttons to add dice to the set and then on Roll, buttonValues=1_button,2_button,roll,clear,back"
  ]
]


de.janno.discord.bot.command.sumCustomSet.SumCustomSetCommandMockTest.roll_pinnedTwice[click4]=[
  [
    "editMessage: message:invokingUser: +1d6, buttonValues=1_button,2_button,roll,clear,back"
  ]
]


de.janno.discord.bot.command.sumCustomSet.SumCustomSetCommandMockTest.roll_pinnedTwice[click5]=[
  [
    "createMessageWithoutReference: EmbedOrMessageDefinition(title=null, descriptionOrContent=Click the buttons to add dice to the set and then on Roll, fields=[], componentRowDefinitions=[ComponentRowDefinition(buttonDefinitions=[ButtonDefinition(label=Dmg, id=sum_custom_set\u001E1_button\u001E00000000-0000-0000-0000-000000000000, style=PRIMARY, disabled=false), ButtonDefinition(label=bonus, id=sum_custom_set\u001E2_button\u001E00000000-0000-0000-0000-000000000000, style=PRIMARY, disabled=false), ButtonDefinition(label=Roll, id=sum_custom_set\u001Eroll\u001E00000000-0000-0000-0000-000000000000, style=PRIMARY, disabled=true), ButtonDefinition(label=Clear, id=sum_custom_set\u001Eclear\u001E00000000-0000-0000-0000-000000000000, style=DANGER, disabled=false), ButtonDefinition(label=Back, id=sum_custom_set\u001Eback\u001E00000000-0000-0000-0000-000000000000, style=SECONDARY, disabled=false)])], hasImage=false, type=MESSAGE)",
    "createResultMessageWithReference: EmbedOrMessageDefinition(title=+1d6 ⇒ 4, descriptionOrContent=+1d6: [4], fields=[], componentRowDefinitions=[], hasImage=false, type=EMBED), targetChannelId: null",
    "deleteMessageById: 1",
    "editMessage: message:Click the buttons to add dice to the set and then on Roll, buttonValues=1_button,2_button,roll,clear,back",
    "getMessagesState: [0]"
  ]
]


de.janno.discord.bot.command.sumCustomSet.SumCustomSetCommandMockTest.roll_pinned[click1]=[
  [
    "editMessage: message:invokingUser: +1d6, buttonValues=1_button,2_button,roll,clear,back"
  ]
]


de.janno.discord.bot.command.sumCustomSet.SumCustomSetCommandMockTest.roll_pinned[click2]=[
  [
    "editMessage: message:invokingUser: +1d6+2, buttonValues=1_button,2_button,roll,clear,back"
  ]
]


de.janno.discord.bot.command.sumCustomSet.SumCustomSetCommandMockTest.roll_pinned[click3]=[
  [
    "createMessageWithoutReference: EmbedOrMessageDefinition(title=null, descriptionOrContent=Click the buttons to add dice to the set and then on Roll, fields=[], componentRowDefinitions=[ComponentRowDefinition(buttonDefinitions=[ButtonDefinition(label=Dmg, id=sum_custom_set\u001E1_button\u001E00000000-0000-0000-0000-000000000000, style=PRIMARY, disabled=false), ButtonDefinition(label=bonus, id=sum_custom_set\u001E2_button\u001E00000000-0000-0000-0000-000000000000, style=PRIMARY, disabled=false), ButtonDefinition(label=Roll, id=sum_custom_set\u001Eroll\u001E00000000-0000-0000-0000-000000000000, style=PRIMARY, disabled=true), ButtonDefinition(label=Clear, id=sum_custom_set\u001Eclear\u001E00000000-0000-0000-0000-000000000000, style=DANGER, disabled=false), ButtonDefinition(label=Back, id=sum_custom_set\u001Eback\u001E00000000-0000-0000-0000-000000000000, style=SECONDARY, disabled=false)])], hasImage=false, type=MESSAGE)",
    "createResultMessageWithReference: EmbedOrMessageDefinition(title=+1d6+2 ⇒ 3, descriptionOrContent=+1d6+2: [1], fields=[], componentRowDefinitions=[], hasImage=false, type=EMBED), targetChannelId: null",
    "editMessage: message:Click the buttons to add dice to the set and then on Roll, buttonValues=1_button,2_button,roll,clear,back"
  ]
]


de.janno.discord.bot.command.sumCustomSet.SumCustomSetCommandMockTest.userChannelAlias[click1]=[
  [
    "editMessage: message:invokingUser: att, buttonValues=1_button,roll,clear,back"
  ]
]


de.janno.discord.bot.command.sumCustomSet.SumCustomSetCommandMockTest.userChannelAlias[click2]=[
  [
    "createMessageWithoutReference: EmbedOrMessageDefinition(title=null, descriptionOrContent=Click the buttons to add dice to the set and then on Roll, fields=[], componentRowDefinitions=[ComponentRowDefinition(buttonDefinitions=[ButtonDefinition(label=Attack, id=sum_custom_set\u001E1_button\u001E00000000-0000-0000-0000-000000000000, style=PRIMARY, disabled=false), ButtonDefinition(label=Roll, id=sum_custom_set\u001Eroll\u001E00000000-0000-0000-0000-000000000000, style=PRIMARY, disabled=true), ButtonDefinition(label=Clear, id=sum_custom_set\u001Eclear\u001E00000000-0000-0000-0000-000000000000, style=DANGER, disabled=false), ButtonDefinition(label=Back, id=sum_custom_set\u001Eback\u001E00000000-0000-0000-0000-000000000000, style=SECONDARY, disabled=false)])], hasImage=false, type=MESSAGE)",
    "createResultMessageWithReference: EmbedOrMessageDefinition(title=att ⇒ 31, descriptionOrContent=2d20+10: [11, 10], fields=[], componentRowDefinitions=[], hasImage=false, type=EMBED), targetChannelId: null",
    "deleteMessageById: 0",
    "editMessage: message:Click the buttons to add dice to the set and then on Roll, buttonValues=1_button,roll,clear,back"
  ]
]