de.janno.discord.bot.command.reroll.RerollAnswerHandlerMockTest.customDice_reroll[finish]=[
  [
    "editMessage: message:, buttonValues="
  ]
]


de.janno.discord.bot.command.reroll.RerollAnswerHandlerMockTest.customDice_reroll[reroll]=[
  [
    "editMessage: message:, buttonValues=",
    "sendMessage: EmbedOrMessageDefinition(title=1: Dmg ⇒ 1, 4, 4, 1, 2, 4, 1, 4, 1, 2, d, b, d, descriptionOrContent=3d6+5d!4+3d[a/b/c/d]: [1, 4, 4] [1, 2, 4, 1, 4, 1, 2] [d, b, d], fields=[], componentRowDefinitions=[ComponentRowDefinition(buttonDefinitions=[ButtonDefinition(label=1 ∈ d6, id=reroll_answer\u001E1de0i0r0\u001E5bf2071a-bc5d-37ff-8240-7e5ab439d655, style=SECONDARY, disabled=false), ButtonDefinition(label=4 ∈ d6, id=reroll_answer\u001E1de0i1r0\u001E5bf2071a-bc5d-37ff-8240-7e5ab439d655, style=SECONDARY, disabled=false), ButtonDefinition(label=4 ∈ d6, id=reroll_answer\u001E1de0i2r0\u001E5bf2071a-bc5d-37ff-8240-7e5ab439d655, style=SECONDARY, disabled=false), ButtonDefinition(label=1 ∈ d4, id=reroll_answer\u001E5d!e0i0r0\u001E5bf2071a-bc5d-37ff-8240-7e5ab439d655, style=SECONDARY, disabled=false), ButtonDefinition(label=2 ∈ d4, id=reroll_answer\u001E5d!e0i1r0\u001E5bf2071a-bc5d-37ff-8240-7e5ab439d655, style=SECONDARY, disabled=false)]), ComponentRowDefinition(buttonDefinitions=[ButtonDefinition(label=4 ∈ d4, id=reroll_answer\u001E5d!e0i2r0\u001E5bf2071a-bc5d-37ff-8240-7e5ab439d655, style=SECONDARY, disabled=false), ButtonDefinition(label=1 ∈ d4, id=reroll_answer\u001E5d!e0i2r1\u001E5bf2071a-bc5d-37ff-8240-7e5ab439d655, style=SECONDARY, disabled=false), ButtonDefinition(label=4 ∈ d4, id=reroll_answer\u001E5d!e0i3r0\u001E5bf2071a-bc5d-37ff-8240-7e5ab439d655, style=SECONDARY, disabled=false), ButtonDefinition(label=1 ∈ d4, id=reroll_answer\u001E5d!e0i3r1\u001E5bf2071a-bc5d-37ff-8240-7e5ab439d655, style=SECONDARY, disabled=false), ButtonDefinition(label=2 ∈ d4, id=reroll_answer\u001E5d!e0i4r0\u001E5bf2071a-bc5d-37ff-8240-7e5ab439d655, style=SECONDARY, disabled=false)]), ComponentRowDefinition(buttonDefinitions=[ButtonDefinition(label=d ∈ d[a/b/c/d], id=reroll_answer\u001E10de0i0r0\u001E5bf2071a-bc5d-37ff-8240-7e5ab439d655, style=SECONDARY, disabled=false), ButtonDefinition(label=b ∈ d[a/b/c/d], id=reroll_answer\u001E10de0i1r0\u001E5bf2071a-bc5d-37ff-8240-7e5ab439d655, style=SECONDARY, disabled=false), ButtonDefinition(label=d ∈ d[a/b/c/d], id=reroll_answer\u001E10de0i2r0\u001E5bf2071a-bc5d-37ff-8240-7e5ab439d655, style=SECONDARY, disabled=false)]), ComponentRowDefinition(buttonDefinitions=[ButtonDefinition(label=Roll, id=reroll_answer\u001Eroll\u001E5bf2071a-bc5d-37ff-8240-7e5ab439d655, style=SUCCESS, disabled=true), ButtonDefinition(label=Finish, id=reroll_answer\u001Efinish\u001E5bf2071a-bc5d-37ff-8240-7e5ab439d655, style=DANGER, disabled=false)])], hasImage=false, type=EMBED, userReference=true, sendToOtherChannelId=null)"
  ]
]


de.janno.discord.bot.command.reroll.RerollAnswerHandlerMockTest.customDice_reroll[reselect]=[
  [
    "editMessage: message:, buttonValues=1de0i0r0,1de0i1r0,1de0i2r0,5d!e0i0r0,5d!e0i1r0,5d!e0i2r0,5d!e0i2r1,5d!e0i3r0,5d!e0i3r1,5d!e0i4r0,10de0i0r0,10de0i1r0,10de0i2r0,roll,finish"
  ]
]


de.janno.discord.bot.command.reroll.RerollAnswerHandlerMockTest.customDice_reroll[roll]=[
  [
    "deleteMessageById: 0",
    "editMessage: message:processing ..., buttonValues=",
    "sendMessage: EmbedOrMessageDefinition(title=Dmg ⇒ 2, 4, 4, 1, 3, 4, 1, 4, 1, 2, d, b, d, descriptionOrContent=3d6+5d!4+3d[a/b/c/d]: [2, 4, 4] [1, 3, 4, 1, 4, 1, 2] [d, b, d], fields=[], componentRowDefinitions=[ComponentRowDefinition(buttonDefinitions=[ButtonDefinition(label=2 ∈ d6, id=reroll_answer\u001E1de0i0r0\u001E4ae71336-e44b-39bf-b9d2-752e234818a5, style=SECONDARY, disabled=false), ButtonDefinition(label=4 ∈ d6, id=reroll_answer\u001E1de0i1r0\u001E4ae71336-e44b-39bf-b9d2-752e234818a5, style=SECONDARY, disabled=false), ButtonDefinition(label=4 ∈ d6, id=reroll_answer\u001E1de0i2r0\u001E4ae71336-e44b-39bf-b9d2-752e234818a5, style=SECONDARY, disabled=false), ButtonDefinition(label=1 ∈ d4, id=reroll_answer\u001E5d!e0i0r0\u001E4ae71336-e44b-39bf-b9d2-752e234818a5, style=SECONDARY, disabled=false), ButtonDefinition(label=3 ∈ d4, id=reroll_answer\u001E5d!e0i1r0\u001E4ae71336-e44b-39bf-b9d2-752e234818a5, style=SECONDARY, disabled=false)]), ComponentRowDefinition(buttonDefinitions=[ButtonDefinition(label=4 ∈ d4, id=reroll_answer\u001E5d!e0i2r0\u001E4ae71336-e44b-39bf-b9d2-752e234818a5, style=SECONDARY, disabled=false), ButtonDefinition(label=1 ∈ d4, id=reroll_answer\u001E5d!e0i2r1\u001E4ae71336-e44b-39bf-b9d2-752e234818a5, style=SECONDARY, disabled=false), ButtonDefinition(label=4 ∈ d4, id=reroll_answer\u001E5d!e0i3r0\u001E4ae71336-e44b-39bf-b9d2-752e234818a5, style=SECONDARY, disabled=false), ButtonDefinition(label=1 ∈ d4, id=reroll_answer\u001E5d!e0i3r1\u001E4ae71336-e44b-39bf-b9d2-752e234818a5, style=SECONDARY, disabled=false), ButtonDefinition(label=2 ∈ d4, id=reroll_answer\u001E5d!e0i4r0\u001E4ae71336-e44b-39bf-b9d2-752e234818a5, style=SECONDARY, disabled=false)]), ComponentRowDefinition(buttonDefinitions=[ButtonDefinition(label=d ∈ d[a/b/c/d], id=reroll_answer\u001E10de0i0r0\u001E4ae71336-e44b-39bf-b9d2-752e234818a5, style=SECONDARY, disabled=false), ButtonDefinition(label=b ∈ d[a/b/c/d], id=reroll_answer\u001E10de0i1r0\u001E4ae71336-e44b-39bf-b9d2-752e234818a5, style=SECONDARY, disabled=false), ButtonDefinition(label=d ∈ d[a/b/c/d], id=reroll_answer\u001E10de0i2r0\u001E4ae71336-e44b-39bf-b9d2-752e234818a5, style=SECONDARY, disabled=false)]), ComponentRowDefinition(buttonDefinitions=[ButtonDefinition(label=Roll, id=reroll_answer\u001Eroll\u001E4ae71336-e44b-39bf-b9d2-752e234818a5, style=SUCCESS, disabled=true), ButtonDefinition(label=Finish, id=reroll_answer\u001Efinish\u001E4ae71336-e44b-39bf-b9d2-752e234818a5, style=DANGER, disabled=false)])], hasImage=false, type=EMBED, userReference=true, sendToOtherChannelId=null)",
    "sendMessage: EmbedOrMessageDefinition(title=null, descriptionOrContent=Click on a button to roll the dice, fields=[], componentRowDefinitions=[ComponentRowDefinition(buttonDefinitions=[ButtonDefinition(label=Dmg, id=custom_dice\u001E1_button\u001E00000000-0000-0000-0000-000000000000, style=PRIMARY, disabled=false)])], hasImage=false, type=MESSAGE, userReference=false, sendToOtherChannelId=null)"
  ]
]


de.janno.discord.bot.command.reroll.RerollAnswerHandlerMockTest.customDice_reroll[secondSelect]=[
  [
    "editMessage: message:, buttonValues=1de0i0r0,1de0i1r0,1de0i2r0,5d!e0i0r0,5d!e0i1r0,5d!e0i2r0,5d!e0i2r1,5d!e0i3r0,5d!e0i3r1,5d!e0i4r0,10de0i0r0,10de0i1r0,10de0i2r0,roll,finish"
  ]
]


de.janno.discord.bot.command.reroll.RerollAnswerHandlerMockTest.customDice_reroll[select]=[
  [
    "editMessage: message:, buttonValues=1de0i0r0,1de0i1r0,1de0i2r0,5d!e0i0r0,5d!e0i1r0,5d!e0i2r0,5d!e0i2r1,5d!e0i3r0,5d!e0i3r1,5d!e0i4r0,10de0i0r0,10de0i1r0,10de0i2r0,roll,finish"
  ]
]


de.janno.discord.bot.command.reroll.RerollAnswerHandlerMockTest.customDice_reroll[unselect]=[
  [
    "editMessage: message:, buttonValues=1de0i0r0,1de0i1r0,1de0i2r0,5d!e0i0r0,5d!e0i1r0,5d!e0i2r0,5d!e0i2r1,5d!e0i3r0,5d!e0i3r1,5d!e0i4r0,10de0i0r0,10de0i1r0,10de0i2r0,roll,finish"
  ]
]