de.janno.discord.bot.command.FetchCommandMockTest.fetchOldCustomDiceMessage=[
  [
    "reply: Fetching button message...",
    "sendMessage: EmbedOrMessageDefinition(title=null, descriptionOrContent=Click on a button to roll the dice, fields=[], componentRowDefinitions=[ComponentRowDefinition(componentDefinitions=[ButtonDefinition(label=att, id=custom_dice\u001E1_button\u001E00000000-0000-0000-0000-000000000001, style=PRIMARY, disabled=false, emoji=null)])], hasImage=false, type=MESSAGE, userReference=false, sendToOtherChannelId=null)",
    "getMessagesState: [-3]",
    "deleteMessageById: -3"
  ]
]


de.janno.discord.bot.command.FetchCommandMockTest.fetchOldCustomDiceMessageNotOldEnough=[
  [
    "reply: No old button message in this channel found"
  ]
]


de.janno.discord.bot.command.FetchCommandMockTest.fetchOldCustomParameterMessage=[
  [
    "reply: Fetching button message...",
    "sendMessage: EmbedOrMessageDefinition(title=null, descriptionOrContent={numberOfDice}d{sides}\nPlease select value for **numberOfDice**, fields=[], componentRowDefinitions=[ComponentRowDefinition(componentDefinitions=[ButtonDefinition(label=3, id=custom_parameter\u001Eid1\u001E00000000-0000-0000-0000-000000000001, style=PRIMARY, disabled=false, emoji=null), ButtonDefinition(label=4, id=custom_parameter\u001Eid2\u001E00000000-0000-0000-0000-000000000001, style=PRIMARY, disabled=false, emoji=null), ButtonDefinition(label=5, id=custom_parameter\u001Eid3\u001E00000000-0000-0000-0000-000000000001, style=PRIMARY, disabled=false, emoji=null), ButtonDefinition(label=6, id=custom_parameter\u001Eid4\u001E00000000-0000-0000-0000-000000000001, style=PRIMARY, disabled=false, emoji=null)])], hasImage=false, type=MESSAGE, userReference=false, sendToOtherChannelId=null)",
    "getMessagesState: [-3]",
    "deleteMessageById: -3"
  ]
]


de.janno.discord.bot.command.FetchCommandMockTest.fetchOldSumCustomSetMessage=[
  [
    "reply: Fetching button message...",
    "sendMessage: EmbedOrMessageDefinition(title=null, descriptionOrContent=Click the buttons to add dice to the set and then on Roll, fields=[], componentRowDefinitions=[ComponentRowDefinition(componentDefinitions=[ButtonDefinition(label=Att, id=sum_custom_set\u001E1_button\u001E00000000-0000-0000-0000-000000000001, style=PRIMARY, disabled=false, emoji=null), ButtonDefinition(label=bonus, id=sum_custom_set\u001E2_button\u001E00000000-0000-0000-0000-000000000001, style=PRIMARY, disabled=false, emoji=null), ButtonDefinition(label=Roll, id=sum_custom_set\u001Eroll\u001E00000000-0000-0000-0000-000000000001, style=SUCCESS, disabled=true, emoji=null), ButtonDefinition(label=Clear, id=sum_custom_set\u001Eclear\u001E00000000-0000-0000-0000-000000000001, style=DANGER, disabled=false, emoji=null), ButtonDefinition(label=Back, id=sum_custom_set\u001Eback\u001E00000000-0000-0000-0000-000000000001, style=SECONDARY, disabled=true, emoji=null)])], hasImage=false, type=MESSAGE, userReference=false, sendToOtherChannelId=null)",
    "getMessagesState: [-3]",
    "deleteMessageById: -3"
  ]
]


de.janno.discord.bot.command.FetchCommandMockTest.getCommandDefinition=[
  {
    "name": "fetch",
    "description": "Moves the last existing dice roll message in the channel to the front",
    "nameLocales": [ ],
    "descriptionLocales": [
      {
        "locale": "de",
        "description": "Bewege die letzte Würfel-Nachricht im Kanal nach vorne"
      },
      {
        "locale": "pt_BR",
        "description": "Move a última mensagem de lançamento de dados para a frente"
      },
      {
        "locale": "fr",
        "description": "Déplace le dernier message du lancer de dés vers l'avant"
      }
    ],
    "options": [ ],
    "integrationTypes": [
      "GUILD_INSTALL"
    ]
  }
]


de.janno.discord.bot.command.FetchCommandMockTest.getId=[
  "fetch"
]


de.janno.discord.bot.command.FetchCommandMockTest.noOldMessage=[
  [
    "reply: No old button message in this channel found"
  ]
]


de.janno.discord.bot.command.FetchCommandMockTest.noOldMessage_de=[
  [
    "reply: Es wurde keine alte Würfel-Nachricht im diesen Kanal gefunden"
  ]
]


de.janno.discord.bot.command.FetchCommandMockTest.noOldMessage_fr=[
  [
    "reply: Aucun ancien message de bouton trouvé"
  ]
]


de.janno.discord.bot.command.FetchCommandMockTest.noOldMessage_pt_BR=[
  [
    "reply: Nenhuma mensagem antiga do botão foi encontrada"
  ]
]