de.janno.discord.bot.command.help.WelcomeCommandMockTest.slashStartWelcome_firstButton[button]=[
  [
    "editMessage: message:Welcome to the Button Dice Bot,\nuse one of the example buttons below to start one of the RPG dice systems, use `/quickstart system` to select one of many RPG presets or use the slash command to configure your own custom dice system (see https://github.com/twonirwana/DiscordDiceBot for details or the slash command `/help`).\nYou can also use the slash command `/r` to directly roll dice with.\nFor help or feature request come to the support discord server: https://discord.gg/e43BsqKpFr, buttons=[ComponentRowDefinition(buttonDefinitions=[ButtonDefinition(label=Dungeon & Dragons 5e, id=welcome\u001EDND5_IMAGE\u001E00000000-0000-0000-0000-000000000001, style=PRIMARY, disabled=false, emoji=null), ButtonDefinition(label=Dungeon & Dragons 5e without Dice Images, id=welcome\u001EDND5\u001E00000000-0000-0000-0000-000000000001, style=PRIMARY, disabled=false, emoji=null), ButtonDefinition(label=Fate, id=welcome\u001EFATE_IMAGE\u001E00000000-0000-0000-0000-000000000001, style=PRIMARY, disabled=false, emoji=null), ButtonDefinition(label=ðŸª™Coin Toss, id=welcome\u001ECOIN\u001E00000000-0000-0000-0000-000000000001, style=PRIMARY, disabled=false, emoji=null)]), ComponentRowDefinition(buttonDefinitions=[ButtonDefinition(label=nWod / Chronicles of Darkness, id=welcome\u001ENWOD\u001E00000000-0000-0000-0000-000000000001, style=PRIMARY, disabled=false, emoji=null), ButtonDefinition(label=oWod / Storyteller System, id=welcome\u001EOWOD\u001E00000000-0000-0000-0000-000000000001, style=PRIMARY, disabled=false, emoji=null), ButtonDefinition(label=Shadowrun, id=welcome\u001ESHADOWRUN_IMAGE\u001E00000000-0000-0000-0000-000000000001, style=PRIMARY, disabled=false, emoji=null), ButtonDefinition(label=Dice Calculator, id=welcome\u001EDICE_CALCULATOR\u001E00000000-0000-0000-0000-000000000001, style=PRIMARY, disabled=false, emoji=null)])]",
    "sendMessage: EmbedOrMessageDefinition(title=null, descriptionOrContent=Click on a button to roll the dice, fields=[], componentRowDefinitions=[ComponentRowDefinition(buttonDefinitions=[ButtonDefinition(label=D20, id=custom_dice\u001E1_button\u001E00000000-0000-0000-0000-000000000000, style=PRIMARY, disabled=false, emoji=null), ButtonDefinition(label=D20 Advantage, id=custom_dice\u001E2_button\u001E00000000-0000-0000-0000-000000000000, style=PRIMARY, disabled=false, emoji=null), ButtonDefinition(label=D20 Disadvantage, id=custom_dice\u001E3_button\u001E00000000-0000-0000-0000-000000000000, style=PRIMARY, disabled=false, emoji=null)]), ComponentRowDefinition(buttonDefinitions=[ButtonDefinition(label=1d4, id=custom_dice\u001E4_button\u001E00000000-0000-0000-0000-000000000000, style=PRIMARY, disabled=false, emoji=null), ButtonDefinition(label=1d6, id=custom_dice\u001E5_button\u001E00000000-0000-0000-0000-000000000000, style=PRIMARY, disabled=false, emoji=null), ButtonDefinition(label=1d8, id=custom_dice\u001E6_button\u001E00000000-0000-0000-0000-000000000000, style=PRIMARY, disabled=false, emoji=null), ButtonDefinition(label=1d10, id=custom_dice\u001E7_button\u001E00000000-0000-0000-0000-000000000000, style=PRIMARY, disabled=false, emoji=null), ButtonDefinition(label=1d12, id=custom_dice\u001E8_button\u001E00000000-0000-0000-0000-000000000000, style=PRIMARY, disabled=false, emoji=null)]), ComponentRowDefinition(buttonDefinitions=[ButtonDefinition(label=1d100, id=custom_dice\u001E9_button\u001E00000000-0000-0000-0000-000000000000, style=PRIMARY, disabled=false, emoji=null), ButtonDefinition(label=2d4, id=custom_dice\u001E10_button\u001E00000000-0000-0000-0000-000000000000, style=PRIMARY, disabled=false, emoji=null), ButtonDefinition(label=2d6, id=custom_dice\u001E11_button\u001E00000000-0000-0000-0000-000000000000, style=PRIMARY, disabled=false, emoji=null), ButtonDefinition(label=2d8, id=custom_dice\u001E12_button\u001E00000000-0000-0000-0000-000000000000, style=PRIMARY, disabled=false, emoji=null), ButtonDefinition(label=2d10, id=custom_dice\u001E13_button\u001E00000000-0000-0000-0000-000000000000, style=PRIMARY, disabled=false, emoji=null)]), ComponentRowDefinition(buttonDefinitions=[ButtonDefinition(label=2d12, id=custom_dice\u001E14_button\u001E00000000-0000-0000-0000-000000000000, style=PRIMARY, disabled=false, emoji=null), ButtonDefinition(label=2d20, id=custom_dice\u001E15_button\u001E00000000-0000-0000-0000-000000000000, style=PRIMARY, disabled=false, emoji=null)])], hasImage=false, type=MESSAGE, userReference=false, sendToOtherChannelId=null)",
    "sendMessage: EmbedOrMessageDefinition(title=null, descriptionOrContent=`/custom_dice start buttons: D20;2d20k1@D20 Advantage;2d20L1@D20 Disadvantage;;1d4;1d6;1d8;1d10;1d12;1d100;2d4=@2d4;2d6=@2d6;2d8=@2d8;2d10=@2d10;2d12=@2d12;2d20=@2d20 answer_format: without_expression answer_interaction: none dice_image_style: polyhedral_RdD dice_image_color: default`, fields=[], componentRowDefinitions=[], hasImage=false, type=MESSAGE, userReference=false, sendToOtherChannelId=null)"
  ]
]


de.janno.discord.bot.command.help.WelcomeCommandMockTest.slashStartWelcome_firstButton[slash]=[
  [
    "reply: commandString",
    "sendMessage: EmbedOrMessageDefinition(title=null, descriptionOrContent=Welcome to the Button Dice Bot,\nuse one of the example buttons below to start one of the RPG dice systems, use `/quickstart system` to select one of many RPG presets or use the slash command to configure your own custom dice system (see https://github.com/twonirwana/DiscordDiceBot for details or the slash command `/help`).\nYou can also use the slash command `/r` to directly roll dice with.\nFor help or feature request come to the support discord server: https://discord.gg/e43BsqKpFr, fields=[], componentRowDefinitions=[ComponentRowDefinition(buttonDefinitions=[ButtonDefinition(label=Dungeon & Dragons 5e, id=welcome\u001EDND5_IMAGE\u001E00000000-0000-0000-0000-000000000001, style=PRIMARY, disabled=false, emoji=null), ButtonDefinition(label=Dungeon & Dragons 5e without Dice Images, id=welcome\u001EDND5\u001E00000000-0000-0000-0000-000000000001, style=PRIMARY, disabled=false, emoji=null), ButtonDefinition(label=Fate, id=welcome\u001EFATE_IMAGE\u001E00000000-0000-0000-0000-000000000001, style=PRIMARY, disabled=false, emoji=null), ButtonDefinition(label=ðŸª™Coin Toss, id=welcome\u001ECOIN\u001E00000000-0000-0000-0000-000000000001, style=PRIMARY, disabled=false, emoji=null)]), ComponentRowDefinition(buttonDefinitions=[ButtonDefinition(label=nWod / Chronicles of Darkness, id=welcome\u001ENWOD\u001E00000000-0000-0000-0000-000000000001, style=PRIMARY, disabled=false, emoji=null), ButtonDefinition(label=oWod / Storyteller System, id=welcome\u001EOWOD\u001E00000000-0000-0000-0000-000000000001, style=PRIMARY, disabled=false, emoji=null), ButtonDefinition(label=Shadowrun, id=welcome\u001ESHADOWRUN_IMAGE\u001E00000000-0000-0000-0000-000000000001, style=PRIMARY, disabled=false, emoji=null), ButtonDefinition(label=Dice Calculator, id=welcome\u001EDICE_CALCULATOR\u001E00000000-0000-0000-0000-000000000001, style=PRIMARY, disabled=false, emoji=null)])], hasImage=false, type=MESSAGE, userReference=false, sendToOtherChannelId=null)"
  ]
]


de.janno.discord.bot.command.help.WelcomeCommandMockTest.slashStartWelcome_invalidId[button]=[
  [
    "editMessage: message:Welcome to the Button Dice Bot,\nuse one of the example buttons below to start one of the RPG dice systems, use `/quickstart system` to select one of many RPG presets or use the slash command to configure your own custom dice system (see https://github.com/twonirwana/DiscordDiceBot for details or the slash command `/help`).\nYou can also use the slash command `/r` to directly roll dice with.\nFor help or feature request come to the support discord server: https://discord.gg/e43BsqKpFr, buttons=[ComponentRowDefinition(buttonDefinitions=[ButtonDefinition(label=Dungeon & Dragons 5e, id=welcome\u001EDND5_IMAGE\u001E00000000-0000-0000-0000-000000000000, style=PRIMARY, disabled=false, emoji=null), ButtonDefinition(label=Dungeon & Dragons 5e without Dice Images, id=welcome\u001EDND5\u001E00000000-0000-0000-0000-000000000000, style=PRIMARY, disabled=false, emoji=null), ButtonDefinition(label=Fate, id=welcome\u001EFATE_IMAGE\u001E00000000-0000-0000-0000-000000000000, style=PRIMARY, disabled=false, emoji=null), ButtonDefinition(label=ðŸª™Coin Toss, id=welcome\u001ECOIN\u001E00000000-0000-0000-0000-000000000000, style=PRIMARY, disabled=false, emoji=null)]), ComponentRowDefinition(buttonDefinitions=[ButtonDefinition(label=nWod / Chronicles of Darkness, id=welcome\u001ENWOD\u001E00000000-0000-0000-0000-000000000000, style=PRIMARY, disabled=false, emoji=null), ButtonDefinition(label=oWod / Storyteller System, id=welcome\u001EOWOD\u001E00000000-0000-0000-0000-000000000000, style=PRIMARY, disabled=false, emoji=null), ButtonDefinition(label=Shadowrun, id=welcome\u001ESHADOWRUN_IMAGE\u001E00000000-0000-0000-0000-000000000000, style=PRIMARY, disabled=false, emoji=null), ButtonDefinition(label=Dice Calculator, id=welcome\u001EDICE_CALCULATOR\u001E00000000-0000-0000-0000-000000000000, style=PRIMARY, disabled=false, emoji=null)])]"
  ]
]


de.janno.discord.bot.command.help.WelcomeCommandMockTest.slashStartWelcome_invalidId[slash]=[
  [
    "reply: commandString",
    "sendMessage: EmbedOrMessageDefinition(title=null, descriptionOrContent=Welcome to the Button Dice Bot,\nuse one of the example buttons below to start one of the RPG dice systems, use `/quickstart system` to select one of many RPG presets or use the slash command to configure your own custom dice system (see https://github.com/twonirwana/DiscordDiceBot for details or the slash command `/help`).\nYou can also use the slash command `/r` to directly roll dice with.\nFor help or feature request come to the support discord server: https://discord.gg/e43BsqKpFr, fields=[], componentRowDefinitions=[ComponentRowDefinition(buttonDefinitions=[ButtonDefinition(label=Dungeon & Dragons 5e, id=welcome\u001EDND5_IMAGE\u001E00000000-0000-0000-0000-000000000001, style=PRIMARY, disabled=false, emoji=null), ButtonDefinition(label=Dungeon & Dragons 5e without Dice Images, id=welcome\u001EDND5\u001E00000000-0000-0000-0000-000000000001, style=PRIMARY, disabled=false, emoji=null), ButtonDefinition(label=Fate, id=welcome\u001EFATE_IMAGE\u001E00000000-0000-0000-0000-000000000001, style=PRIMARY, disabled=false, emoji=null), ButtonDefinition(label=ðŸª™Coin Toss, id=welcome\u001ECOIN\u001E00000000-0000-0000-0000-000000000001, style=PRIMARY, disabled=false, emoji=null)]), ComponentRowDefinition(buttonDefinitions=[ButtonDefinition(label=nWod / Chronicles of Darkness, id=welcome\u001ENWOD\u001E00000000-0000-0000-0000-000000000001, style=PRIMARY, disabled=false, emoji=null), ButtonDefinition(label=oWod / Storyteller System, id=welcome\u001EOWOD\u001E00000000-0000-0000-0000-000000000001, style=PRIMARY, disabled=false, emoji=null), ButtonDefinition(label=Shadowrun, id=welcome\u001ESHADOWRUN_IMAGE\u001E00000000-0000-0000-0000-000000000001, style=PRIMARY, disabled=false, emoji=null), ButtonDefinition(label=Dice Calculator, id=welcome\u001EDICE_CALCULATOR\u001E00000000-0000-0000-0000-000000000001, style=PRIMARY, disabled=false, emoji=null)])], hasImage=false, type=MESSAGE, userReference=false, sendToOtherChannelId=null)"
  ]
]


de.janno.discord.bot.command.help.WelcomeCommandMockTest.slashStartWelcome_legacyDnD5Id[button]=[
  [
    "editMessage: message:Welcome to the Button Dice Bot,\nuse one of the example buttons below to start one of the RPG dice systems, use `/quickstart system` to select one of many RPG presets or use the slash command to configure your own custom dice system (see https://github.com/twonirwana/DiscordDiceBot for details or the slash command `/help`).\nYou can also use the slash command `/r` to directly roll dice with.\nFor help or feature request come to the support discord server: https://discord.gg/e43BsqKpFr, buttons=[ComponentRowDefinition(buttonDefinitions=[ButtonDefinition(label=Dungeon & Dragons 5e, id=welcome\u001EDND5_IMAGE\u001E00000000-0000-0000-0000-000000000000, style=PRIMARY, disabled=false, emoji=null), ButtonDefinition(label=Dungeon & Dragons 5e without Dice Images, id=welcome\u001EDND5\u001E00000000-0000-0000-0000-000000000000, style=PRIMARY, disabled=false, emoji=null), ButtonDefinition(label=Fate, id=welcome\u001EFATE_IMAGE\u001E00000000-0000-0000-0000-000000000000, style=PRIMARY, disabled=false, emoji=null), ButtonDefinition(label=ðŸª™Coin Toss, id=welcome\u001ECOIN\u001E00000000-0000-0000-0000-000000000000, style=PRIMARY, disabled=false, emoji=null)]), ComponentRowDefinition(buttonDefinitions=[ButtonDefinition(label=nWod / Chronicles of Darkness, id=welcome\u001ENWOD\u001E00000000-0000-0000-0000-000000000000, style=PRIMARY, disabled=false, emoji=null), ButtonDefinition(label=oWod / Storyteller System, id=welcome\u001EOWOD\u001E00000000-0000-0000-0000-000000000000, style=PRIMARY, disabled=false, emoji=null), ButtonDefinition(label=Shadowrun, id=welcome\u001ESHADOWRUN_IMAGE\u001E00000000-0000-0000-0000-000000000000, style=PRIMARY, disabled=false, emoji=null), ButtonDefinition(label=Dice Calculator, id=welcome\u001EDICE_CALCULATOR\u001E00000000-0000-0000-0000-000000000000, style=PRIMARY, disabled=false, emoji=null)])]",
    "sendMessage: EmbedOrMessageDefinition(title=null, descriptionOrContent=Click on a button to roll the dice, fields=[], componentRowDefinitions=[ComponentRowDefinition(buttonDefinitions=[ButtonDefinition(label=D20, id=custom_dice\u001E1_button\u001E00000000-0000-0000-0000-000000000000, style=PRIMARY, disabled=false, emoji=null), ButtonDefinition(label=D20 Advantage, id=custom_dice\u001E2_button\u001E00000000-0000-0000-0000-000000000000, style=PRIMARY, disabled=false, emoji=null), ButtonDefinition(label=D20 Disadvantage, id=custom_dice\u001E3_button\u001E00000000-0000-0000-0000-000000000000, style=PRIMARY, disabled=false, emoji=null)]), ComponentRowDefinition(buttonDefinitions=[ButtonDefinition(label=1d4, id=custom_dice\u001E4_button\u001E00000000-0000-0000-0000-000000000000, style=PRIMARY, disabled=false, emoji=null), ButtonDefinition(label=1d6, id=custom_dice\u001E5_button\u001E00000000-0000-0000-0000-000000000000, style=PRIMARY, disabled=false, emoji=null), ButtonDefinition(label=1d8, id=custom_dice\u001E6_button\u001E00000000-0000-0000-0000-000000000000, style=PRIMARY, disabled=false, emoji=null), ButtonDefinition(label=1d10, id=custom_dice\u001E7_button\u001E00000000-0000-0000-0000-000000000000, style=PRIMARY, disabled=false, emoji=null), ButtonDefinition(label=1d12, id=custom_dice\u001E8_button\u001E00000000-0000-0000-0000-000000000000, style=PRIMARY, disabled=false, emoji=null)]), ComponentRowDefinition(buttonDefinitions=[ButtonDefinition(label=1d100, id=custom_dice\u001E9_button\u001E00000000-0000-0000-0000-000000000000, style=PRIMARY, disabled=false, emoji=null), ButtonDefinition(label=2d4, id=custom_dice\u001E10_button\u001E00000000-0000-0000-0000-000000000000, style=PRIMARY, disabled=false, emoji=null), ButtonDefinition(label=2d6, id=custom_dice\u001E11_button\u001E00000000-0000-0000-0000-000000000000, style=PRIMARY, disabled=false, emoji=null), ButtonDefinition(label=2d8, id=custom_dice\u001E12_button\u001E00000000-0000-0000-0000-000000000000, style=PRIMARY, disabled=false, emoji=null), ButtonDefinition(label=2d10, id=custom_dice\u001E13_button\u001E00000000-0000-0000-0000-000000000000, style=PRIMARY, disabled=false, emoji=null)]), ComponentRowDefinition(buttonDefinitions=[ButtonDefinition(label=2d12, id=custom_dice\u001E14_button\u001E00000000-0000-0000-0000-000000000000, style=PRIMARY, disabled=false, emoji=null), ButtonDefinition(label=2d20, id=custom_dice\u001E15_button\u001E00000000-0000-0000-0000-000000000000, style=PRIMARY, disabled=false, emoji=null)])], hasImage=false, type=MESSAGE, userReference=false, sendToOtherChannelId=null)",
    "sendMessage: EmbedOrMessageDefinition(title=null, descriptionOrContent=`/custom_dice start buttons: D20;2d20k1@D20 Advantage;2d20L1@D20 Disadvantage;;1d4;1d6;1d8;1d10;1d12;1d100;2d4=@2d4;2d6=@2d6;2d8=@2d8;2d10=@2d10;2d12=@2d12;2d20=@2d20 answer_format: without_expression answer_interaction: none dice_image_style: polyhedral_RdD dice_image_color: default`, fields=[], componentRowDefinitions=[], hasImage=false, type=MESSAGE, userReference=false, sendToOtherChannelId=null)"
  ]
]


de.janno.discord.bot.command.help.WelcomeCommandMockTest.slashStartWelcome_legacyDnD5Id[slash]=[
  [
    "reply: commandString",
    "sendMessage: EmbedOrMessageDefinition(title=null, descriptionOrContent=Welcome to the Button Dice Bot,\nuse one of the example buttons below to start one of the RPG dice systems, use `/quickstart system` to select one of many RPG presets or use the slash command to configure your own custom dice system (see https://github.com/twonirwana/DiscordDiceBot for details or the slash command `/help`).\nYou can also use the slash command `/r` to directly roll dice with.\nFor help or feature request come to the support discord server: https://discord.gg/e43BsqKpFr, fields=[], componentRowDefinitions=[ComponentRowDefinition(buttonDefinitions=[ButtonDefinition(label=Dungeon & Dragons 5e, id=welcome\u001EDND5_IMAGE\u001E00000000-0000-0000-0000-000000000001, style=PRIMARY, disabled=false, emoji=null), ButtonDefinition(label=Dungeon & Dragons 5e without Dice Images, id=welcome\u001EDND5\u001E00000000-0000-0000-0000-000000000001, style=PRIMARY, disabled=false, emoji=null), ButtonDefinition(label=Fate, id=welcome\u001EFATE_IMAGE\u001E00000000-0000-0000-0000-000000000001, style=PRIMARY, disabled=false, emoji=null), ButtonDefinition(label=ðŸª™Coin Toss, id=welcome\u001ECOIN\u001E00000000-0000-0000-0000-000000000001, style=PRIMARY, disabled=false, emoji=null)]), ComponentRowDefinition(buttonDefinitions=[ButtonDefinition(label=nWod / Chronicles of Darkness, id=welcome\u001ENWOD\u001E00000000-0000-0000-0000-000000000001, style=PRIMARY, disabled=false, emoji=null), ButtonDefinition(label=oWod / Storyteller System, id=welcome\u001EOWOD\u001E00000000-0000-0000-0000-000000000001, style=PRIMARY, disabled=false, emoji=null), ButtonDefinition(label=Shadowrun, id=welcome\u001ESHADOWRUN_IMAGE\u001E00000000-0000-0000-0000-000000000001, style=PRIMARY, disabled=false, emoji=null), ButtonDefinition(label=Dice Calculator, id=welcome\u001EDICE_CALCULATOR\u001E00000000-0000-0000-0000-000000000001, style=PRIMARY, disabled=false, emoji=null)])], hasImage=false, type=MESSAGE, userReference=false, sendToOtherChannelId=null)"
  ]
]