de.janno.discord.bot.command.directRoll.AliasRollCommandTest.getCommandDefinition=[
  {
    "name": "a",
    "description": "Roll of an alias or a dice expression. Add alias with `/channel_config alias save`",
    "nameLocales": [ ],
    "descriptionLocales": [
      {
        "locale": "de",
        "description": "Direkter Wurf eines Alias oder eines Ausdrucks. Neue Aliase mit `/channel_config alias save`"
      },
      {
        "locale": "pt_BR",
        "description": "fórmula um alias ou de uma expressão de dados. Adicionar alias com `/channel_config alias save`"
      },
      {
        "locale": "fr",
        "description": "Lancer d'un alias ou d'une expression de dé. Ajouter un alias avec `/channel_config alias save`"
      }
    ],
    "options": [
      {
        "type": "STRING",
        "name": "alias_or_expression",
        "nameLocales": [ ],
        "description": "Roll of an alias or a dice expression. Add alias with `/channel_config alias save`",
        "descriptionLocales": [
          {
            "locale": "de",
            "description": "Direkter Wurf eines Alias oder eines Ausdrucks. Neue Aliase mit `/channel_config alias save`"
          },
          {
            "locale": "pt_BR",
            "description": "fórmula um alias ou de uma expressão de dados. Adicionar alias com `/channel_config alias save`"
          },
          {
            "locale": "fr",
            "description": "Lancer d'un alias ou d'une expression de dé. Ajouter un alias avec `/channel_config alias save`"
          }
        ],
        "required": true,
        "choices": [ ],
        "options": [ ],
        "autoComplete": true
      }
    ],
    "integrationTypes": [
      "GUILD_INSTALL",
      "USER_INSTALL"
    ]
  }
]


de.janno.discord.bot.command.directRoll.AliasRollCommandTest.testHelp[de]=[
  {
    "descriptionOrContent": "Schreib `/a`und ein Alias oder Würfelausdruck. Verfügbare Alias werden im Autocomplete gezeigt, es ist aber auch möglich normale Ausrücke zu würfeln. Aliase können mit `/channel_config alias` angelegt oder gelöscht werden. Antwort Format und Würfelbilder können mit `/channel_config save_direct_roll_config` konfiguriert werden.\n```\n| Name                 | Notation   | Example            |\r\n|----------------------|------------|--------------------|\r\n| Regular Dice         | d          | d6, 3d6            |\r\n| Custom Dice          | d[x,y,...] | 3d[Head,Tail]      |\r\n| Exploding Dice       | d!         | 4d!6               |\r\n| Exploding Add Dice   | d!!        | 4d!!6              |\r\n| Keep Highest         | k          | 3d6k2              |\r\n| Keep Lowest          | l          | 3d6l2              |\r\n| Sum                  | =          | 3d6=               |\r\n| Add to List          | +          | 3d6+2d12           |\r\n| Concatenate          | _          | 3d6 _ 'dmg'        |\r\n| Negative add to List | -          | 3d6-2d12 or -2d6   |\r\n| Decimal Divide       | //         | 2/6                |\r\n| Divide               | /          | 12/6               |\r\n| Multiply             | *          | 12*d6              |\r\n| Modulo               | mod        | d6 mod 2           |\r\n| Equal Filter         | ==         | 3d6==3             |\r\n| Greater Then Filter  | >          | 3d6>3              |\r\n| Lesser Then Filter   | <          | 3d6<3              |\r\n| Greater Equal Filter | >=         | 3d6>=3             |\r\n| Lesser Equal Filter  | <=         | 3d6<=3             |\r\n| Lesser Equal Filter  | <=         | 3d6<=3             |\r\n| Count                | c          | 3d6<3c             |\r\n| Multiple Rolls       | ,          | 1d6,2d10           |\r\n| Repeat               | x          | 3x2d6              |\r\n| Repeat List          | r          | 3r2d6              |\r\n| Reroll               | rr         | 3d10 rr 1          |\r\n| Equal                | =?         | d6=?6              |\r\n| Greater              | >?         | d6>?5              |\r\n| Greater Equal        | >=?        | d6>=?5             |\r\n| Lower                | <?         | d6<?4              |\r\n| Lower Equal          | <=?        | d6<=?4             |\r\n| In                   | in         | d6 in [1/3/5]      |\r\n| And                  | &&         | d6>?1 && d6<5      |\r\n| Or                   | ||         | d6>?1 || d6<5      |\r\n| Negate               | !          | !d6>?1             |\r\n| Color                | col        | d6 col 'red'       |\r\n| Tag                  | tag        | d6 tag 'marked'    |\r\n| Brackets             | ()         | (2d4=)d6           |\r\n| Text                 | ''         | 'Damage ' + d6     |\r\n| Sort asc             | asc()      | asc(10d10)         |\r\n| Sort desc            | desc()     | desc(10d10)        |\r\n| Min                  | min()      | min(3d4, 8)        |\r\n| Max                  | max()      | max(3d4, 8)        |\r\n| Chancel              | chancel()  | chancel(8d10,10,1) |\r\n| Replace              | replace()  | replace(6d10,1,2)  |\r\n| Color On             | colorOn()  | colorOn(d6,6,'red')|\r\n| Explode              | exp()      | exp(d6,1,2)        |\r\n| If                   | if()       | if(d6=?6,'Y','N')  |\r\n| Group Count          | groupC()   | groupC(20d6)       |\r\n| Concatenate          | concat()   | concat('Att:',d20) |\r\n| Value                | val()      | val('$1',10d10)    |\r\n\n```",
    "fields": [
      {
        "name": "Beispiel",
        "value": "`/a alias_or_expression: attack` for an alias with the name `attack`",
        "inline": false
      },
      {
        "name": "Beispiel",
        "value": "`/a alias_or_expression: 1d6`",
        "inline": false
      },
      {
        "name": "Vollständige Dokumentation",
        "value": "https://github.com/twonirwana/DiscordDiceBot",
        "inline": false
      },
      {
        "name": "Discord Server für Hilfe und Neuigkeiten",
        "value": "https://discord.gg/e43BsqKpFr",
        "inline": false
      }
    ],
    "componentRowDefinitions": [ ],
    "type": "EMBED",
    "userReference": false
  }
]


de.janno.discord.bot.command.directRoll.AliasRollCommandTest.testHelp[en]=[
  {
    "descriptionOrContent": "Type `/a` and an alias or dice expression. Available alias will be presented as autocomplete, but it is possible to roll all expression. `/channel_config alias` can be used to add and delete alias. The output type, dice images etc. can be configuration with `/channel_config save_direct_roll_config`\n```\n| Name                 | Notation   | Example            |\r\n|----------------------|------------|--------------------|\r\n| Regular Dice         | d          | d6, 3d6            |\r\n| Custom Dice          | d[x,y,...] | 3d[Head,Tail]      |\r\n| Exploding Dice       | d!         | 4d!6               |\r\n| Exploding Add Dice   | d!!        | 4d!!6              |\r\n| Keep Highest         | k          | 3d6k2              |\r\n| Keep Lowest          | l          | 3d6l2              |\r\n| Sum                  | =          | 3d6=               |\r\n| Add to List          | +          | 3d6+2d12           |\r\n| Concatenate          | _          | 3d6 _ 'dmg'        |\r\n| Negative add to List | -          | 3d6-2d12 or -2d6   |\r\n| Decimal Divide       | //         | 2/6                |\r\n| Divide               | /          | 12/6               |\r\n| Multiply             | *          | 12*d6              |\r\n| Modulo               | mod        | d6 mod 2           |\r\n| Equal Filter         | ==         | 3d6==3             |\r\n| Greater Then Filter  | >          | 3d6>3              |\r\n| Lesser Then Filter   | <          | 3d6<3              |\r\n| Greater Equal Filter | >=         | 3d6>=3             |\r\n| Lesser Equal Filter  | <=         | 3d6<=3             |\r\n| Lesser Equal Filter  | <=         | 3d6<=3             |\r\n| Count                | c          | 3d6<3c             |\r\n| Multiple Rolls       | ,          | 1d6,2d10           |\r\n| Repeat               | x          | 3x2d6              |\r\n| Repeat List          | r          | 3r2d6              |\r\n| Reroll               | rr         | 3d10 rr 1          |\r\n| Equal                | =?         | d6=?6              |\r\n| Greater              | >?         | d6>?5              |\r\n| Greater Equal        | >=?        | d6>=?5             |\r\n| Lower                | <?         | d6<?4              |\r\n| Lower Equal          | <=?        | d6<=?4             |\r\n| In                   | in         | d6 in [1/3/5]      |\r\n| And                  | &&         | d6>?1 && d6<5      |\r\n| Or                   | ||         | d6>?1 || d6<5      |\r\n| Negate               | !          | !d6>?1             |\r\n| Color                | col        | d6 col 'red'       |\r\n| Tag                  | tag        | d6 tag 'marked'    |\r\n| Brackets             | ()         | (2d4=)d6           |\r\n| Text                 | ''         | 'Damage ' + d6     |\r\n| Sort asc             | asc()      | asc(10d10)         |\r\n| Sort desc            | desc()     | desc(10d10)        |\r\n| Min                  | min()      | min(3d4, 8)        |\r\n| Max                  | max()      | max(3d4, 8)        |\r\n| Chancel              | chancel()  | chancel(8d10,10,1) |\r\n| Replace              | replace()  | replace(6d10,1,2)  |\r\n| Color On             | colorOn()  | colorOn(d6,6,'red')|\r\n| Explode              | exp()      | exp(d6,1,2)        |\r\n| If                   | if()       | if(d6=?6,'Y','N')  |\r\n| Group Count          | groupC()   | groupC(20d6)       |\r\n| Concatenate          | concat()   | concat('Att:',d20) |\r\n| Value                | val()      | val('$1',10d10)    |\r\n\n```",
    "fields": [
      {
        "name": "Example",
        "value": "`/a alias_or_expression: attack` for an alias with the name `attack`",
        "inline": false
      },
      {
        "name": "Example",
        "value": "`/a alias_or_expression: 1d6`",
        "inline": false
      },
      {
        "name": "Full documentation",
        "value": "https://github.com/twonirwana/DiscordDiceBot",
        "inline": false
      },
      {
        "name": "Discord Server for News, Help and Feature Requests",
        "value": "https://discord.gg/e43BsqKpFr",
        "inline": false
      }
    ],
    "componentRowDefinitions": [ ],
    "type": "EMBED",
    "userReference": false
  }
]


de.janno.discord.bot.command.directRoll.AliasRollCommandTest.testHelp[fr]=[
  {
    "descriptionOrContent": "Tapez `/a` et un alias ou une expression de dé. Les alias disponibles seront présentés en autocomplétion, mais il est possible de lancer toutes les expressions. `/channel_config alias` peut être utilisé pour ajouter et supprimer des alias. Le type de sortie, les images des dés, etc. peuvent être configurés avec `/channel_config save_direct_roll_config`\n```\n| Name                 | Notation   | Example            |\r\n|----------------------|------------|--------------------|\r\n| Regular Dice         | d          | d6, 3d6            |\r\n| Custom Dice          | d[x,y,...] | 3d[Head,Tail]      |\r\n| Exploding Dice       | d!         | 4d!6               |\r\n| Exploding Add Dice   | d!!        | 4d!!6              |\r\n| Keep Highest         | k          | 3d6k2              |\r\n| Keep Lowest          | l          | 3d6l2              |\r\n| Sum                  | =          | 3d6=               |\r\n| Add to List          | +          | 3d6+2d12           |\r\n| Concatenate          | _          | 3d6 _ 'dmg'        |\r\n| Negative add to List | -          | 3d6-2d12 or -2d6   |\r\n| Decimal Divide       | //         | 2/6                |\r\n| Divide               | /          | 12/6               |\r\n| Multiply             | *          | 12*d6              |\r\n| Modulo               | mod        | d6 mod 2           |\r\n| Equal Filter         | ==         | 3d6==3             |\r\n| Greater Then Filter  | >          | 3d6>3              |\r\n| Lesser Then Filter   | <          | 3d6<3              |\r\n| Greater Equal Filter | >=         | 3d6>=3             |\r\n| Lesser Equal Filter  | <=         | 3d6<=3             |\r\n| Lesser Equal Filter  | <=         | 3d6<=3             |\r\n| Count                | c          | 3d6<3c             |\r\n| Multiple Rolls       | ,          | 1d6,2d10           |\r\n| Repeat               | x          | 3x2d6              |\r\n| Repeat List          | r          | 3r2d6              |\r\n| Reroll               | rr         | 3d10 rr 1          |\r\n| Equal                | =?         | d6=?6              |\r\n| Greater              | >?         | d6>?5              |\r\n| Greater Equal        | >=?        | d6>=?5             |\r\n| Lower                | <?         | d6<?4              |\r\n| Lower Equal          | <=?        | d6<=?4             |\r\n| In                   | in         | d6 in [1/3/5]      |\r\n| And                  | &&         | d6>?1 && d6<5      |\r\n| Or                   | ||         | d6>?1 || d6<5      |\r\n| Negate               | !          | !d6>?1             |\r\n| Color                | col        | d6 col 'red'       |\r\n| Tag                  | tag        | d6 tag 'marked'    |\r\n| Brackets             | ()         | (2d4=)d6           |\r\n| Text                 | ''         | 'Damage ' + d6     |\r\n| Sort asc             | asc()      | asc(10d10)         |\r\n| Sort desc            | desc()     | desc(10d10)        |\r\n| Min                  | min()      | min(3d4, 8)        |\r\n| Max                  | max()      | max(3d4, 8)        |\r\n| Chancel              | chancel()  | chancel(8d10,10,1) |\r\n| Replace              | replace()  | replace(6d10,1,2)  |\r\n| Color On             | colorOn()  | colorOn(d6,6,'red')|\r\n| Explode              | exp()      | exp(d6,1,2)        |\r\n| If                   | if()       | if(d6=?6,'Y','N')  |\r\n| Group Count          | groupC()   | groupC(20d6)       |\r\n| Concatenate          | concat()   | concat('Att:',d20) |\r\n| Value                | val()      | val('$1',10d10)    |\r\n\n```",
    "fields": [
      {
        "name": "Exemple",
        "value": "`/a alias_or_expression: attack` for an alias with the name `attack`",
        "inline": false
      },
      {
        "name": "Exemple",
        "value": "`/a alias_or_expression: 1d6`",
        "inline": false
      },
      {
        "name": "Documentation complète",
        "value": "https://github.com/twonirwana/DiscordDiceBot",
        "inline": false
      },
      {
        "name": "Serveur Discord pour l'aide et les nouvelles",
        "value": "https://discord.gg/e43BsqKpFr",
        "inline": false
      }
    ],
    "componentRowDefinitions": [ ],
    "type": "EMBED",
    "userReference": false
  }
]


de.janno.discord.bot.command.directRoll.AliasRollCommandTest.testHelp[pt_BR]=[
  {
    "descriptionOrContent": "Digite `/a` e um alias ou expressão de dados. O alias disponível será apresentado como preenchimento automático, mas é possível rolar todas as expressões. O `/channel_config alias` pode ser usado para adicionar e excluir alias. O tipo de saída, as imagens de dados etc. podem ser configurados com `/channel_config save_direct_roll_config`\n```\n| Name                 | Notation   | Example            |\r\n|----------------------|------------|--------------------|\r\n| Regular Dice         | d          | d6, 3d6            |\r\n| Custom Dice          | d[x,y,...] | 3d[Head,Tail]      |\r\n| Exploding Dice       | d!         | 4d!6               |\r\n| Exploding Add Dice   | d!!        | 4d!!6              |\r\n| Keep Highest         | k          | 3d6k2              |\r\n| Keep Lowest          | l          | 3d6l2              |\r\n| Sum                  | =          | 3d6=               |\r\n| Add to List          | +          | 3d6+2d12           |\r\n| Concatenate          | _          | 3d6 _ 'dmg'        |\r\n| Negative add to List | -          | 3d6-2d12 or -2d6   |\r\n| Decimal Divide       | //         | 2/6                |\r\n| Divide               | /          | 12/6               |\r\n| Multiply             | *          | 12*d6              |\r\n| Modulo               | mod        | d6 mod 2           |\r\n| Equal Filter         | ==         | 3d6==3             |\r\n| Greater Then Filter  | >          | 3d6>3              |\r\n| Lesser Then Filter   | <          | 3d6<3              |\r\n| Greater Equal Filter | >=         | 3d6>=3             |\r\n| Lesser Equal Filter  | <=         | 3d6<=3             |\r\n| Lesser Equal Filter  | <=         | 3d6<=3             |\r\n| Count                | c          | 3d6<3c             |\r\n| Multiple Rolls       | ,          | 1d6,2d10           |\r\n| Repeat               | x          | 3x2d6              |\r\n| Repeat List          | r          | 3r2d6              |\r\n| Reroll               | rr         | 3d10 rr 1          |\r\n| Equal                | =?         | d6=?6              |\r\n| Greater              | >?         | d6>?5              |\r\n| Greater Equal        | >=?        | d6>=?5             |\r\n| Lower                | <?         | d6<?4              |\r\n| Lower Equal          | <=?        | d6<=?4             |\r\n| In                   | in         | d6 in [1/3/5]      |\r\n| And                  | &&         | d6>?1 && d6<5      |\r\n| Or                   | ||         | d6>?1 || d6<5      |\r\n| Negate               | !          | !d6>?1             |\r\n| Color                | col        | d6 col 'red'       |\r\n| Tag                  | tag        | d6 tag 'marked'    |\r\n| Brackets             | ()         | (2d4=)d6           |\r\n| Text                 | ''         | 'Damage ' + d6     |\r\n| Sort asc             | asc()      | asc(10d10)         |\r\n| Sort desc            | desc()     | desc(10d10)        |\r\n| Min                  | min()      | min(3d4, 8)        |\r\n| Max                  | max()      | max(3d4, 8)        |\r\n| Chancel              | chancel()  | chancel(8d10,10,1) |\r\n| Replace              | replace()  | replace(6d10,1,2)  |\r\n| Color On             | colorOn()  | colorOn(d6,6,'red')|\r\n| Explode              | exp()      | exp(d6,1,2)        |\r\n| If                   | if()       | if(d6=?6,'Y','N')  |\r\n| Group Count          | groupC()   | groupC(20d6)       |\r\n| Concatenate          | concat()   | concat('Att:',d20) |\r\n| Value                | val()      | val('$1',10d10)    |\r\n\n```",
    "fields": [
      {
        "name": "Exemplo",
        "value": "`/a alias_or_expression: attack` for an alias with the name `attack`",
        "inline": false
      },
      {
        "name": "Exemplo",
        "value": "`/a alias_or_expression: 1d6`",
        "inline": false
      },
      {
        "name": "Documentação completa",
        "value": "https://github.com/twonirwana/DiscordDiceBot",
        "inline": false
      },
      {
        "name": "Servidor do Discord Server para ajuda e notícias (inglês)",
        "value": "https://discord.gg/e43BsqKpFr",
        "inline": false
      }
    ],
    "componentRowDefinitions": [ ],
    "type": "EMBED",
    "userReference": false
  }
]