de.janno.discord.bot.command.directRoll.DirectRollCommandTest.getCommandDefinition=[
  {
    "name" : "r",
    "description" : "direct roll of dice expression, e.g. `2d6`. Configuration with `/channel_config`",
    "nameLocales" : [ ],
    "descriptionLocales" : [
      {
        "locale" : "de",
        "description" : "Direkter Wurf eines W체rfelausdruckes, z.B. `2d6`. Konfiguration mit `/channel_config`"
      },
      {
        "locale" : "pt_BR",
        "description" : "f처rmula direta de rolagem de dados, ex.: `2d6`. Configure com `/channel_config`"
      }
    ],
    "options" : [
      {
        "type" : "STRING",
        "name" : "expression",
        "nameLocales" : [
          {
            "locale" : "de",
            "name" : "ausdruck"
          },
          {
            "locale" : "pt_BR",
            "name" : "formula"
          }
        ],
        "description" : "direct roll of dice expression, e.g. `2d6`. Configuration with `/channel_config`",
        "descriptionLocales" : [
          {
            "locale" : "de",
            "description" : "Direkter Wurf eines W체rfelausdruckes, z.B. `2d6`. Konfiguration mit `/channel_config`"
          },
          {
            "locale" : "pt_BR",
            "description" : "f처rmula direta de rolagem de dados, ex.: `2d6`. Configure com `/channel_config`"
          }
        ],
        "required" : true,
        "choices" : [ ],
        "options" : [ ],
        "autoComplete" : false
      }
    ]
  }
]


de.janno.discord.bot.command.directRoll.DirectRollCommandTest.getId=[
  "r"
]